=== Starting Billing Logic Tests ===

--- Testing criarCobranca ---
Test 1: Valid Standard Purchase (8 credits, 6.80)
Valor recebido: 6.80
Gerando token Inter...
PASSED

--- Testing criarCobrancaUnica ---
Test 4: Valid Standard Purchase (Unica) (10 credits, 8.50)
Gerando token Inter...
PASSED
Test 5: Valid Plan Purchase (Unica) (29.90)
Gerando token Inter...
PASSED
Test 6: Invalid Purchase (Unica) (10 credits, 5.00)
PASSED: Got expected 400 error
